   => Loading Basis Set <=

    Name: CC-PVDZ
    Role: ORBITAL
    Keyword: BASIS
    atoms 1   entry O          line   198 file /home/eric-vertiz/anaconda3/envs/pynof/share/psi4/basis/cc-pvdz.gbs 
    atoms 2-3 entry H          line    22 file /home/eric-vertiz/anaconda3/envs/pynof/share/psi4/basis/cc-pvdz.gbs 

   => Loading Basis Set <=

    Name: (CC-PVDZ AUX)
    Role: JKFIT
    Keyword: DF_BASIS_SCF
    atoms 1   entry O          line   221 file /home/eric-vertiz/anaconda3/envs/pynof/share/psi4/basis/cc-pvdz-jkfit.gbs 
    atoms 2-3 entry H          line    51 file /home/eric-vertiz/anaconda3/envs/pynof/share/psi4/basis/cc-pvdz-jkfit.gbs 

Number of basis functions                   (NBF)    = 24
Number of auxiliary basis functions         (NBFAUX) = 116
Inactive Doubly occupied orbitals up to     (NO1)    = 0
No. considered Strongly Doubly occupied MOs (NDOC)   = 5
No. considered Strongly Singly occupied MOs (NSOC)   = 0
No. of Weakly occ. per St. Doubly occ.  MOs (NCWO)   = 3
Dimension of the Nat. Orb. subspace         (NBF5)   = 20
No. of electrons                                     = 10
Multiplicity                                         = 1


Scratch directory: /tmp/
   => Libint2 <=

    Primary   basis highest AM E, G, H:  6, 6, 3
    Auxiliary basis highest AM E, G, H:  7, 7, 4
    Onebody   basis highest AM E, G, H:  -, -, -
    Solid Harmonics ordering:            Gaussian

*** tstart() called on Obsidiana
*** at Mon Oct 27 16:58:51 2025

   => Loading Basis Set <=

    Name: CC-PVDZ
    Role: ORBITAL
    Keyword: BASIS
    atoms 1   entry O          line   198 file /home/eric-vertiz/anaconda3/envs/pynof/share/psi4/basis/cc-pvdz.gbs 
    atoms 2-3 entry H          line    22 file /home/eric-vertiz/anaconda3/envs/pynof/share/psi4/basis/cc-pvdz.gbs 


         ---------------------------------------------------------
                                   SCF
               by Justin Turney, Rob Parrish, Andy Simmonett
                          and Daniel G. A. Smith
                              RHF Reference
                        1 Threads,    500 MiB Core
         ---------------------------------------------------------

  ==> Geometry <==

    Molecular point group: c1
    Full point group: C2v

    Geometry (in Angstrom), charge = 0, multiplicity = 1:

       Center              X                  Y                   Z               Mass       
    ------------   -----------------  -----------------  -----------------  -----------------
         O            0.000000000000     0.000000000000     0.063679562901    15.994914619570
         H            0.000000000000     0.749000000000    -0.505320437099     1.007825032230
         H            0.000000000000    -0.749000000000    -0.505320437099     1.007825032230

  Running in c1 symmetry.

  Rotational constants: A =     29.08722  B =     14.90794  C =      9.85632 [cm^-1]
  Rotational constants: A = 872012.94696  B = 446928.88825  C = 295485.18860 [MHz]
  Nuclear repulsion =    9.354610703444012

  Charge       = 0
  Multiplicity = 1
  Electrons    = 10
  Nalpha       = 5
  Nbeta        = 5

  ==> Algorithm <==

  SCF Algorithm Type is DF.
  DIIS enabled.
  MOM disabled.
  Fractional occupation disabled.
  Guess Type is SAD.
  Energy threshold   = 1.00e-06
  Density threshold  = 1.00e-06
  Integral threshold = 1.00e-12

  ==> Primary Basis <==

  Basis Set: CC-PVDZ
    Blend: CC-PVDZ
    Number of shells: 12
    Number of basis functions: 24
    Number of Cartesian functions: 25
    Spherical Harmonics?: true
    Max angular momentum: 2

   => Loading Basis Set <=

    Name: (CC-PVDZ AUX)
    Role: JKFIT
    Keyword: DF_BASIS_SCF
    atoms 1   entry O          line   221 file /home/eric-vertiz/anaconda3/envs/pynof/share/psi4/basis/cc-pvdz-jkfit.gbs 
    atoms 2-3 entry H          line    51 file /home/eric-vertiz/anaconda3/envs/pynof/share/psi4/basis/cc-pvdz-jkfit.gbs 

  ==> Integral Setup <==

  DFHelper Memory: AOs need 0.001 GiB; user supplied 0.366 GiB. 
  Using in-core AOs.

  ==> MemDFJK: Density-Fitted J/K Matrices <==

    J tasked:                   Yes
    K tasked:                   Yes
    wK tasked:                   No
    OpenMP threads:               1
    Memory [MiB]:               375
    Algorithm:                 Core
    Schwarz Cutoff:           1E-12
    Mask sparsity (%):       0.0000
    Fitting Condition:        1E-10

   => Auxiliary Basis Set <=

  Basis Set: (CC-PVDZ AUX)
    Blend: CC-PVDZ-JKFIT
    Number of shells: 42
    Number of basis functions: 116
    Number of Cartesian functions: 131
    Spherical Harmonics?: true
    Max angular momentum: 3

  Minimum eigenvalue in the overlap matrix is 3.3155211176E-02.
  Reciprocal condition number of the overlap matrix is 8.8730073671E-03.
    Using symmetric orthogonalization.

  ==> Pre-Iterations <==

  SCF Guess: Superposition of Atomic Densities via on-the-fly atomic UHF (no occupation information).

   -------------------------
    Irrep   Nso     Nmo    
   -------------------------
     A         24      24 
   -------------------------
    Total      24      24
   -------------------------

  ==> Iterations <==

                           Total Energy        Delta E     RMS |[F,P]|

   @DF-RHF iter SAD:   -75.53304754126160   -7.55330e+01   0.00000e+00 
   @DF-RHF iter   1:   -75.95528309664853   -4.22236e-01   1.74300e-02 ADIIS/DIIS
   @DF-RHF iter   2:   -76.00833182067478   -5.30487e-02   9.74977e-03 ADIIS/DIIS
   @DF-RHF iter   3:   -76.02650643275153   -1.81746e-02   1.04473e-03 ADIIS/DIIS
   @DF-RHF iter   4:   -76.02693021528731   -4.23783e-04   1.95179e-04 ADIIS/DIIS
   @DF-RHF iter   5:   -76.02694679232937   -1.65770e-05   3.62802e-05 DIIS
   @DF-RHF iter   6:   -76.02694761623137   -8.23902e-07   5.93158e-06 DIIS
   @DF-RHF iter   7:   -76.02694764134800   -2.51166e-08   8.23834e-07 DIIS
  Energy and wave function converged.


  ==> Post-Iterations <==

    Orbital Energies [Eh]
    ---------------------

    Doubly Occupied:                                                      

       1A    -20.546917     2A     -1.344492     3A     -0.710371  
       4A     -0.567512     5A     -0.494023  

    Virtual:                                                              

       6A      0.188550     7A      0.258453     8A      0.805304  
       9A      0.865517    10A      1.161623    11A      1.200612  
      12A      1.251488    13A      1.451916    14A      1.477707  
      15A      1.684723    16A      1.866582    17A      1.947981  
      18A      2.496223    19A      2.531302    20A      3.295393  
      21A      3.360106    22A      3.527793    23A      3.894379  
      24A      4.160465  

    Final Occupation by Irrep:
              A 
    DOCC [     5 ]
    NA   [     5 ]
    NB   [     5 ]

  @DF-RHF Final Energy:   -76.02694764134800

   => Energetics <=

    Nuclear Repulsion Energy =              9.3546107034440116
    One-Electron Energy =                -123.4364822728007027
    Two-Electron Energy =                  38.0549239280086908
    Total Energy =                        -76.0269476413480021

Computation Completed


Properties will be evaluated at   0.000000,   0.000000,   0.000000 [a0]

Properties computed using the SCF density matrix


 Multipole Moments:

 ------------------------------------------------------------------------------------
     Multipole            Electronic (a.u.)      Nuclear  (a.u.)        Total (a.u.)
 ------------------------------------------------------------------------------------

 L = 1.  Multiply by 2.5417464519 to convert [e a0] to [Debye]
 Dipole X            :         -0.0000000            0.0000000           -0.0000000
 Dipole Y            :         -0.0000000            0.0000000           -0.0000000
 Dipole Z            :          0.1505710           -0.9471390           -0.7965680
 Magnitude           :                                                    0.7965680

 ------------------------------------------------------------------------------------

*** tstop() called on Obsidiana at Mon Oct 27 16:58:51 2025
Module time:
	user time   =       0.90 seconds =       0.01 minutes
	system time =       0.02 seconds =       0.00 minutes
	total time  =          0 seconds =       0.00 minutes
Total time:
	user time   =       0.90 seconds =       0.01 minutes
	system time =       0.02 seconds =       0.00 minutes
	total time  =          0 seconds =       0.00 minutes
No violations of the orthonormality

PNOF8 Calculation (ADAM/Softmax Optimization)
==================

Nitext  Nit_orb  Nit_occ      Eelec           Etot          Ediff        Grad_orb   Grad_occ Conv Orb Conv Occ
     0     30     48     -85.57283562   -76.21822492 -10084.57283562      6.4e-02    2.0e-05   False   True
     1     30     33     -85.58659734   -76.23198664     -0.01376172      3.4e-02    1.7e-05   False   True
     2     30     19     -85.59152678   -76.23691608     -0.00492944      3.6e-02    1.4e-05   False   True
     3     30     21     -85.59386313   -76.23925243     -0.00233635      3.2e-02    1.8e-05   False   True
     4     30     23     -85.59453583   -76.23992513     -0.00067270      3.2e-02    1.4e-05   False   True
     5     30     12     -85.59476237   -76.24015167     -0.00022654      1.6e-02    1.6e-05   False   True
     6     30      9     -85.59482493   -76.24021423     -0.00006256      1.3e-02    1.7e-05   False   True
     7     30     11     -85.59485444   -76.24024374     -0.00002951      1.3e-02    1.6e-05   False   True
     8     30     12     -85.59488170   -76.24027100     -0.00002726      1.6e-02    1.3e-05   False   True
     9     30      8     -85.59489983   -76.24028913     -0.00001813      1.4e-02    2.0e-05   False   True
    10     30      5     -85.59491034   -76.24029964     -0.00001051      1.3e-02    1.7e-05   False   True
    11     30      5     -85.59491865   -76.24030795     -0.00000831      1.2e-02    1.9e-05   False   True
    12     30      5     -85.59492950   -76.24031880     -0.00001085      1.4e-02    2.1e-05   False   True
    13     30      6     -85.59493863   -76.24032793     -0.00000913      1.6e-02    1.9e-05   False   True
    14     30      6     -85.59496097   -76.24035027     -0.00002234      1.3e-02    1.5e-05   False   True
    15     30      6     -85.59499124   -76.24038054     -0.00003027      1.7e-02    1.8e-05   False   True
    16     30      6     -85.59502339   -76.24041269     -0.00003215      1.4e-02    1.8e-05   False   True
    17     30      4     -85.59503726   -76.24042656     -0.00001387      1.7e-02    1.3e-05   False   True
    18     30      5     -85.59505143   -76.24044072     -0.00001417      1.5e-02    2.0e-05   False   True
    19     30     15     -85.59511610   -76.24050540     -0.00006468      3.4e-02    1.3e-05   False   True
    20     30     15     -85.59527973   -76.24066903     -0.00016363      1.2e-02    1.2e-05   False   True
    21     30     14     -85.59543713   -76.24082642     -0.00015739      3.1e-02    8.6e-06   False   True
    22     30     12     -85.59557097   -76.24096026     -0.00013384      1.4e-02    1.0e-05   False   True
    23     30     11     -85.59564656   -76.24103586     -0.00007560      1.7e-02    1.1e-05   False   True
    24     30     13     -85.59573432   -76.24112362     -0.00008776      1.4e-02    1.4e-05   False   True
    25     30     13     -85.59587658   -76.24126588     -0.00014226      1.7e-02    1.1e-05   False   True
    26     30     11     -85.59604364   -76.24143294     -0.00016706      1.5e-02    1.3e-05   False   True
    27     30      6     -85.59607124   -76.24146053     -0.00002760      1.6e-02    1.6e-05   False   True
    28     30      0     -85.59607163   -76.24146093     -0.00000039      1.6e-02    1.6e-05   False   True
    29     47      1     -85.59607525   -76.24146455     -0.00000362      6.8e-05    1.3e-05   True   True
Solution does not improve anymore

Lagrage sumdiff 2.4e-04 maxfdiff 8.2e-06

RESULTS OF THE OCCUPATION OPTIMIZATION
========================================
 Idx        n        E (Hartree)
   1    1.9999710  -20.56860028
   2    1.9910008   -1.28593176
   3    1.9731784   -0.72751983
   4    1.9723457   -0.71207213
   5    1.9772669   -0.52819435
   6    0.0128307   -0.01718433
   7    0.0207883   -0.00924275
   8    0.0223584   -0.00849917
   9    0.0077264   -0.03009668
  10    0.0000110   -0.00745809
  11    0.0054552   -0.00739796
  12    0.0036116   -0.03128264
  13    0.0037604   -0.00761411
  14    0.0007683   -0.00153160
  15    0.0000104   -0.01381205
  16    0.0044473   -0.00180323
  17    0.0032544   -0.00124774
  18    0.0007027   -0.00023624
  19    0.0005045   -0.00022028
  20    0.0000076   -0.00015632

----------------
 Final Energies 
----------------
       HF Total Energy =     -76.0269476
Final NOF Total Energy =     -76.2414646
    Correlation Energy =      -0.2145169


Elapsed Time:       9.99 (Seconds)
