Number of basis functions                   (NBF)    = 24
Number of auxiliary basis functions         (NBFAUX) = 116
Inactive Doubly occupied orbitals up to     (NO1)    = 0
No. considered Strongly Doubly occupied MOs (NDOC)   = 5
No. considered Strongly Singly occupied MOs (NSOC)   = 0
No. of Weakly occ. per St. Doubly occ.  MOs (NCWO)   = 3
Dimension of the Nat. Orb. subspace         (NBF5)   = 20
No. of electrons                                     = 10
Multiplicity                                         = 1

No violations of the orthonormality

PNOF8 Calculation (ADAM/Softmax Optimization)
==================

Nitext  Nit_orb  Nit_occ      Eelec           Etot          Ediff        Grad_orb   Grad_occ Conv Orb Conv Occ
     0     30     54     -85.57240434   -76.21779364 -10084.57240434      9.4e-02    1.8e-05   False   True
     1     30     36     -85.58500744   -76.23039673     -0.01260309      3.7e-02    1.9e-05   False   True
     2     30     34     -85.59232937   -76.23771866     -0.00732193      3.5e-02    1.5e-05   False   True
     3     30     13     -85.59478411   -76.24017341     -0.00245474      2.1e-02    1.7e-05   False   True
     4     30      9     -85.59489591   -76.24028521     -0.00011180      1.4e-02    1.7e-05   False   True
     5     30      5     -85.59491989   -76.24030919     -0.00002398      1.9e-02    2.1e-05   False   True
     6     30      6     -85.59493336   -76.24032266     -0.00001347      1.1e-02    1.7e-05   False   True
     7     30      5     -85.59494238   -76.24033168     -0.00000902      1.5e-02    1.7e-05   False   True
     8     30      5     -85.59494674   -76.24033604     -0.00000436      1.7e-02    1.5e-05   False   True
     9     30      4     -85.59495372   -76.24034302     -0.00000698      1.2e-02    2.0e-05   False   True
    10     30      5     -85.59495776   -76.24034706     -0.00000404      1.5e-02    1.4e-05   False   True
    11     30      5     -85.59496091   -76.24035020     -0.00000315      1.3e-02    1.5e-05   False   True
    12     30      5     -85.59496512   -76.24035442     -0.00000421      1.5e-02    1.7e-05   False   True
    13     30      6     -85.59496845   -76.24035775     -0.00000333      1.6e-02    1.6e-05   False   True
    14     30      6     -85.59497346   -76.24036276     -0.00000501      1.3e-02    1.3e-05   False   True
    15     30      7     -85.59498203   -76.24037132     -0.00000856      1.9e-02    1.2e-05   False   True
    16     30      7     -85.59500354   -76.24039284     -0.00002152      1.5e-02    1.9e-05   False   True
    17     30      5     -85.59504853   -76.24043783     -0.00004498      1.6e-02    2.0e-05   False   True
    18     30      8     -85.59509113   -76.24048043     -0.00004260      1.4e-02    1.4e-05   False   True
    19     30      7     -85.59513997   -76.24052927     -0.00004884      1.8e-02    1.7e-05   False   True
    20     30     11     -85.59519537   -76.24058466     -0.00005539      2.5e-02    1.1e-05   False   True
    21     30     11     -85.59528971   -76.24067901     -0.00009434      1.2e-02    8.8e-06   False   True
    22     30     15     -85.59536748   -76.24075678     -0.00007777      2.9e-02    1.4e-05   False   True
    23     30     16     -85.59544877   -76.24083807     -0.00008129      1.8e-02    9.6e-06   False   True
    24     30     11     -85.59550804   -76.24089734     -0.00005927      1.4e-02    2.1e-05   False   True
    25     30      8     -85.59551518   -76.24090447     -0.00000714      1.2e-02    1.2e-05   False   True
    26     30      3     -85.59551579   -76.24090509     -0.00000061      1.7e-02    9.7e-06   False   True
    27     30      0     -85.59551592   -76.24090522     -0.00000013      1.7e-02    1.9e-05   False   True
    28     30      0     -85.59551604   -76.24090534     -0.00000012      1.7e-02    1.7e-05   False   True
    29     30      1     -85.59551609   -76.24090539     -0.00000005      1.2e-02    1.5e-05   False   True
    30     30      1     -85.59551678   -76.24090608     -0.00000069      1.2e-02    1.4e-05   False   True
    31     30      1     -85.59551708   -76.24090638     -0.00000030      1.3e-02    1.1e-05   False   True
    32     30      0     -85.59551709   -76.24090638     -0.00000001      1.3e-02    1.1e-05   False   True
    33     47      0     -85.59552046   -76.24090975     -0.00000337      6.8e-05    1.4e-05   True   True
Solution does not improve anymore

Lagrage sumdiff 2.2e-04 maxfdiff 8.1e-06

RESULTS OF THE OCCUPATION OPTIMIZATION
========================================
 Idx        n        E (Hartree)
   1    1.9999713  -20.56686904
   2    1.9941475   -1.32424039
   3    1.9733848   -0.70559559
   4    1.9723272   -0.69681773
   5    1.9762699   -0.52628695
   6    0.0110473   -0.01597297
   7    0.0206639   -0.01241962
   8    0.0222896   -0.00881594
   9    0.0041039   -0.02977559
  10    0.0000108   -0.00749111
  11    0.0079126   -0.00741106
  12    0.0037134   -0.03097464
  13    0.0039023   -0.00769269
  14    0.0009164   -0.00098869
  15    0.0000107   -0.00889323
  16    0.0047703   -0.00199158
  17    0.0032955   -0.00189734
  18    0.0004232   -0.00022977
  19    0.0008321   -0.00022424
  20    0.0000072   -0.00015261

----------------
 Final Energies 
----------------
       HF Total Energy =     -76.0269476
Final NOF Total Energy =     -76.2409098
    Correlation Energy =      -0.2139621


Elapsed Time:      25.78 (Seconds)
